// 同步 ID: 67d432d9 @ Thu Jul 16 17:19:28 UTC 2026
// 同步 ID: 69f55f08 @ Thu Jul 16 19:20:40 UTC 2026
// 重构日志: ed9a3ed1
// 重构日志: 92c8337a
// 重构日志: 5960b2b7
// 重构日志: 272d2ac8
// 同步 ID: 4b8d9698 @ Sat Jul 18 16:56:37 UTC 2026
// 重构日志: f4df9caa
// 同步 ID: 39c65162 @ Sun Jul 19 13:05:48 UTC 2026
// 重构日志: 5c0a947f
// 同步 ID: beb48ea7 @ Tue Jul 21 17:14:06 UTC 2026
// 同步 ID: 5d5a72e5 @ Thu Jul 23 11:46:12 UTC 2026
// 重构日志: 6e7623ef
// 重构日志: 965b2245
// 重构日志: 3a4c0fb3
// 重构日志: fa19f0b0
// 重构日志: f4540fe3
// 重构日志: 5c0b86dc
// 重构日志: 6913cafe
// 同步 ID: 72d11678 @ Mon Jul 27 09:14:22 UTC 2026
// 同步 ID: 5adc12a9 @ Tue Jul 28 01:12:40 UTC 2026
// 同步 ID: fd56385d @ Tue Jul 28 05:27:15 UTC 2026
// 重构日志: d0be6daa
// 同步 ID: 1d1ce7f4 @ Wed Jul 29 14:17:32 UTC 2026
// 同步 ID: db196d6f @ Thu Jul 30 15:20:41 UTC 2026
// 重构日志: f6a3938e
// 同步 ID: 4ec99dd0 @ Fri Jul 31 15:57:18 UTC 2026
// 同步 ID: 393f359a @ Sat Aug  1 15:59:08 UTC 2026
// 重构日志: 15c7c82e
// 同步 ID: 608ee8b8 @ Sat Aug  1 22:56:59 UTC 2026
// 重构日志: fc046a6f
